PARSE_OK n=60 m=180 degree=6
NORMALIZATION deleted=0 edge=1-6 c1=0 c6=1
NORMALIZATION_JUSTIFICATION endpoints_of_an_edge_have_distinct_colours; unique_S3_permutation_maps_them_to_0,1
SEARCH nodes=99 normalized_colourings=16 S3_orbits=16 labelled_colourings=96
VARIABLE_DOMAINS v2={1,2} v3={0,1} v24={0,1} v41={1,2}
INDEPENDENCE all_16_binary_patterns_present=1
FIXED_TEMPLATE -0**21102120110012022002*1110202021202100*022201111120202021
COLOURING 0 -01021102120110012022002011102020212021001022201111120202021
COLOURING 1 -01021102120110012022002011102020212021002022201111120202021
COLOURING 2 -01021102120110012022002111102020212021001022201111120202021
COLOURING 3 -01021102120110012022002111102020212021002022201111120202021
COLOURING 4 -01121102120110012022002011102020212021001022201111120202021
COLOURING 5 -01121102120110012022002011102020212021002022201111120202021
COLOURING 6 -01121102120110012022002111102020212021001022201111120202021
COLOURING 7 -01121102120110012022002111102020212021002022201111120202021
COLOURING 8 -02021102120110012022002011102020212021001022201111120202021
COLOURING 9 -02021102120110012022002011102020212021002022201111120202021
COLOURING 10 -02021102120110012022002111102020212021001022201111120202021
COLOURING 11 -02021102120110012022002111102020212021002022201111120202021
COLOURING 12 -02121102120110012022002011102020212021001022201111120202021
COLOURING 13 -02121102120110012022002011102020212021002022201111120202021
COLOURING 14 -02121102120110012022002111102020212021001022201111120202021
COLOURING 15 -02121102120110012022002111102020212021002022201111120202021
NEIGHBOURS_OF_0 order=5,26,30,33,37,55 colours=1,1,0,2,2,0
ALL_NEIGHBOUR_PROFILES 2,2,2
RESULT PASS
